// Jest Snapshot v1, https://goo.gl/fbAQLP

exports[`snapshot 1`] = `
<article
  className="small-movie-card catalog__movies-card"
  onMouseEnter={[Function]}
  onMouseLeave={[MockFunction]}
>
  <button
    className="small-movie-card__play-btn"
    onClick={[Function]}
    type="button"
  >
    Play
  </button>
  <div
    className="small-movie-card__image"
  >
    <img
      alt="movie title"
      height="175"
      src="source"
      width="280"
    />
  </div>
  <h3
    className="small-movie-card__title"
  >
    <a
      className="small-movie-card__link"
      href="movie-page.html"
    >
      movie title
    </a>
  </h3>
</article>
`;
